============================================================
  Generated by:           Genus(TM) Synthesis Solution 21.14-s082_1
  Generated on:           Jul 09 2026  10:38:44 am
  Module:                 uart_top_pad
  Technology libraries:   tsl18fs120_scl_ss 1
                          tsl18cio150_max 1.0
                          tsl18fs120_scl_ss 1
                          tsl18cio150_max 1.0
  Operating conditions:   tsl18cio150_max (worst_case_tree)
  Wireload mode:          enclosed
  Area mode:              timing library
============================================================

   Instance                     Module                  Cell Count  Cell Area  Net Area   Total Area  Wireload  
----------------------------------------------------------------------------------------------------------------
uart_top_pad                                                   293  42816.822    94.176    42910.998 70000 (S)  
  u_uart_top   uart_top_CLK_FREQ50000000_BAUD_RATE9600         257   8981.750    86.505     9068.255 16000 (S)  
    u_baud_gen baud_gen_CLK_FREQ50000000_BAUD_RATE9600          28   1103.900     6.910     1110.810  4000 (S)  
    u_uart_rx  uart_rx                                         140   4669.640    50.836     4720.476  8000 (S)  
    u_uart_tx  uart_tx                                          89   3208.210    27.677     3235.887  4000 (S)  
  (S) = wireload was automatically selected
