============================================================
  Generated by:           Genus(TM) Synthesis Solution 21.14-s082_1
  Generated on:           Jun 26 2026  10:55:50 am
  Module:                 uart_top
  Operating conditions:   ss (balanced_tree)
  Wireload mode:          enclosed
  Area mode:              timing library
============================================================


Path 1: MET (9127 ps) Setup Check with Pin u_uart_tx_parity_bit_reg/CK->D
          Group: clk
     Startpoint: (F) tx_data[2]
          Clock: (R) clk
       Endpoint: (F) u_uart_tx_parity_bit_reg/D
          Clock: (R) clk

                     Capture       Launch     
        Clock Edge:+   20000            0     
        Drv Adjust:+       0            0     
       Src Latency:+       0            0     
       Net Latency:+       0 (I)        0 (I) 
           Arrival:=   20000            0     
                                              
             Setup:-    1072                  
       Uncertainty:-     150                  
     Required Time:=   18778                  
      Launch Clock:-       0                  
       Input Delay:-    8000                  
         Data Path:-    1651                  
             Slack:=    9127                  

Exceptions/Constraints:
  input_delay             8000            constraints.sdc_line_93_5_1 

#-----------------------------------------------------------------------------------------------------
#       Timing Point         Flags    Arc   Edge    Cell     Fanout Load Trans Delay Arrival Instance 
#                                                                   (fF)  (ps)  (ps)   (ps)  Location 
#-----------------------------------------------------------------------------------------------------
  tx_data[2]                 -       -      F     (arrival)       2  3.1     0     0    8000    (-,-) 
  g5404__2802/Y              -       B->Y   R     CLKXOR2X2M      1  4.3   194   565    8565    (-,-) 
  g5357__1666/Y              -       C->Y   F     XOR3X2M         2  4.5   276   588    9153    (-,-) 
  g5317__4319/Y              -       A0N->Y F     OAI2BB2X2M      1  1.0   157   498    9651    (-,-) 
  u_uart_tx_parity_bit_reg/D <<<     -      F     SDFFRQX2M       1    -     -     0    9651    (-,-) 
#-----------------------------------------------------------------------------------------------------

