============================================================
  Generated by:           Genus(TM) Synthesis Solution 21.14-s082_1
  Generated on:           Jul 09 2026  10:38:44 am
  Module:                 uart_top_pad
  Technology libraries:   tsl18fs120_scl_ss 1
                          tsl18cio150_max 1.0
                          tsl18fs120_scl_ss 1
                          tsl18cio150_max 1.0
  Operating conditions:   tsl18cio150_max (worst_case_tree)
  Wireload mode:          enclosed
  Area mode:              timing library
============================================================

                                  Leakage  
   Gate    Instances    Area    Power (nW)        Library       
----------------------------------------------------------------
ah01d1             5    172.500      3.769    tsl18fs120_scl_ss 
ah01d2             1     43.900      1.137    tsl18fs120_scl_ss 
an02d1             4     62.720      0.908    tsl18fs120_scl_ss 
an02d2             6    112.920      3.260    tsl18fs120_scl_ss 
an02d4             3     65.850      3.651    tsl18fs120_scl_ss 
an03d1             2     37.640      0.602    tsl18fs120_scl_ss 
an03d2             2     43.900      0.937    tsl18fs120_scl_ss 
an03d4             2     56.440      2.396    tsl18fs120_scl_ss 
an04d1             1     25.090      0.162    tsl18fs120_scl_ss 
an04d4             1     31.360      0.975    tsl18fs120_scl_ss 
an12d1             1     21.950      0.469    tsl18fs120_scl_ss 
an12d2             3     75.270      2.007    tsl18fs120_scl_ss 
aoi21d4            1     31.360      0.740    tsl18fs120_scl_ss 
aoi22d1            1     18.820      0.077    tsl18fs120_scl_ss 
aoim211d2          1     37.630      1.096    tsl18fs120_scl_ss 
aoim21d1           2     37.640      0.783    tsl18fs120_scl_ss 
aoim22d2           2     62.720      1.566    tsl18fs120_scl_ss 
aor211d1           1     25.090      0.514    tsl18fs120_scl_ss 
aor211d2           1     28.220      0.766    tsl18fs120_scl_ss 
aor21d1            2     43.900      0.862    tsl18fs120_scl_ss 
aor21d2            1     25.090      0.610    tsl18fs120_scl_ss 
aor221d1           1     31.360      0.471    tsl18fs120_scl_ss 
aor22d1            5    125.450      1.586    tsl18fs120_scl_ss 
aor31d1            2     43.900      0.933    tsl18fs120_scl_ss 
bufbd4             1     21.950      1.582    tsl18fs120_scl_ss 
buffd1            11    137.940      3.806    tsl18fs120_scl_ss 
buffd3             1     15.680      0.832    tsl18fs120_scl_ss 
buffd4            13    326.170     23.218    tsl18fs120_scl_ss 
buffda             1     40.770      2.885    tsl18fs120_scl_ss 
decrq1            10    878.100      7.984    tsl18fs120_scl_ss 
dfcrb1             2    144.260      1.682    tsl18fs120_scl_ss 
dfcrb2             6    470.400      8.268    tsl18fs120_scl_ss 
dfcrb4             1     87.810      2.618    tsl18fs120_scl_ss 
dfcrq1            21   1383.060     18.335    tsl18fs120_scl_ss 
dfcrq2            11    758.890     11.880    tsl18fs120_scl_ss 
dfcrq4             6    451.560     15.402    tsl18fs120_scl_ss 
dfprb1             1     75.260      1.052    tsl18fs120_scl_ss 
dfprb2             1     81.540      1.366    tsl18fs120_scl_ss 
dfprb4             1     94.080      3.071    tsl18fs120_scl_ss 
inv0d1            20    188.200      1.882    tsl18fs120_scl_ss 
inv0d2             3     37.620      0.612    tsl18fs120_scl_ss 
invbd2             1     15.680      0.166    tsl18fs120_scl_ss 
mx02d1            18    451.620      6.500    tsl18fs120_scl_ss 
mx04d2             1     65.860      0.843    tsl18fs120_scl_ss 
nd02d0             3     37.620      0.086    tsl18fs120_scl_ss 
nd02d2             1     18.820      0.068    tsl18fs120_scl_ss 
nd02d7             1     40.770      0.811    tsl18fs120_scl_ss 
nd03d1             2     31.360      0.053    tsl18fs120_scl_ss 
nd03d2             1     28.220      0.050    tsl18fs120_scl_ss 
nd03d4             1     34.500      0.642    tsl18fs120_scl_ss 
nd12d1             4     62.720      0.661    tsl18fs120_scl_ss 
nd12d2             2     50.180      0.568    tsl18fs120_scl_ss 
nd12d4             1     34.500      0.769    tsl18fs120_scl_ss 
nd13d1             3     65.850      0.426    tsl18fs120_scl_ss 
nr02d1            15    188.100      2.610    tsl18fs120_scl_ss 
nr02d2             3     56.460      1.242    tsl18fs120_scl_ss 
oai211d2           1     34.500      0.444    tsl18fs120_scl_ss 
oai21d2            1     31.360      0.497    tsl18fs120_scl_ss 
oai222d2           1     43.900      0.475    tsl18fs120_scl_ss 
oaim21d1          23    432.860      2.958    tsl18fs120_scl_ss 
oaim31d1           1     25.090      0.109    tsl18fs120_scl_ss 
or02d0             1     15.680      0.204    tsl18fs120_scl_ss 
or02d1             3     47.040      1.011    tsl18fs120_scl_ss 
or02d2             2     37.640      1.386    tsl18fs120_scl_ss 
or04d1             1     25.090      0.484    tsl18fs120_scl_ss 
ora21d1            1     25.090      0.259    tsl18fs120_scl_ss 
ora31d2            1     28.220      0.611    tsl18fs120_scl_ss 
pc3c01             1   1295.440     61.979    tsl18cio150_max   
pc3d01            11  14249.841   4281.949    tsl18cio150_max   
pc3d01u            1   1295.440  16699.090    tsl18cio150_max   
pc3o01            13  16840.721   4964.657    tsl18cio150_max   
sdcrq1             1     97.220      1.034    tsl18fs120_scl_ss 
sdcrq4             2    200.700      6.740    tsl18fs120_scl_ss 
xn02d1             3    103.500      2.223    tsl18fs120_scl_ss 
xr02d1             1     31.360      0.598    tsl18fs120_scl_ss 
xr03d1             6    319.860      8.850    tsl18fs120_scl_ss 
----------------------------------------------------------------
total            293  42816.822  26187.806                      


                                                    Leakage  Leakage 
     Library      Instances Instances %    Area   Power (nW) Power % 
---------------------------------------------------------------------
tsl18cio150_max          26         8.9 33681.442  26007.675    99.3 
tsl18fs120_scl_ss       267        91.1  9135.380    180.131     0.7 

                                            Leakage  Leakage 
     Type      Instances    Area   Area % Power (nW) Power % 
-------------------------------------------------------------
timing_model          26 33681.442   78.7  26007.675    99.3 
sequential            63  4722.880   11.0     79.432     0.3 
inverter              24   241.500    0.6      2.660     0.0 
buffer                27   542.510    1.3     32.323     0.1 
logic                153  3628.490    8.5     65.716     0.3 
physical_cells         0     0.000    0.0      0.000     0.0 
-------------------------------------------------------------
total                293 42816.822  100.0  26187.806   100.0 

