============================================================
  Generated by:           Genus(TM) Synthesis Solution 21.14-s082_1
  Generated on:           Jul 09 2026  10:38:44 am
  Module:                 uart_top_pad
  Technology libraries:   tsl18fs120_scl_ss 1
                          tsl18cio150_max 1.0
                          tsl18fs120_scl_ss 1
                          tsl18cio150_max 1.0
  Operating conditions:   tsl18cio150_max (worst_case_tree)
  Wireload mode:          enclosed
  Area mode:              timing library
============================================================

Timing
-------
  Cost    Critical         Violating 
 Group   Path Slack  TNS     Paths   
-------------------------------------
default    No paths   0.0            
-------------------------------------
Total                 0.0          0 

Instance Count
--------------
Leaf Instance Count             293 
Physical Instance count           0 
Sequential Instance Count        63 
Combinational Instance Count    230 
Hierarchical Instance Count       4 

Area
----
Cell Area                          42816.822
Physical Cell Area                 0.000
Total Cell Area (Cell+Physical)    42816.822
Net Area                           94.176
Total Area (Cell+Physical+Net)     42910.998

Runtime                            0.0 seconds
Elapsed Runtime                    27 seconds
Genus peak memory usage            1678.29 
Innovus peak memory usage          no_value 
Hostname                           localhost
