###############################################################
#  Generated by:      Cadence Innovus 21.15-s110_1
#  OS:                Linux x86_64(Host ID ece.nitw.ac.in)
#  Generated on:      Mon Jun 29 14:53:12 2026
#  Design:            uart_top
#  Command:           report_ccopt_clock_trees -summary -file innovus_out_ss/ClockTreeSynthesis/uart_top_clock_trees.rpt
###############################################################

Clock DAG stats:
================

-------------------------------------------------------
Cell type                 Count    Area     Capacitance
-------------------------------------------------------
Buffers                     0      0.000       0.000
Inverters                   0      0.000       0.000
Integrated Clock Gates      0      0.000       0.000
Discrete Clock Gates        0      0.000       0.000
Clock Logic                 0      0.000       0.000
All                         0      0.000       0.000
-------------------------------------------------------


Clock DAG sink counts:
======================

-------------------------
Sink type           Count
-------------------------
Regular              63
Enable Latch          0
Load Capacitance      0
Antenna Diode         0
Node Sink             0
Total                63
-------------------------


Clock DAG wire lengths:
=======================

--------------------
Type     Wire Length
--------------------
Top          0.000
Trunk        0.000
Leaf       444.742
Total      444.742
--------------------


Clock DAG hp wire lengths:
==========================

-----------------------
Type     hp Wire Length
-----------------------
Top          0.000
Trunk        0.000
Leaf         0.000
Total        0.000
-----------------------


Clock DAG capacitances:
=======================

--------------------------------
Type     Gate     Wire     Total
--------------------------------
Top      0.000    0.000    0.000
Trunk    0.000    0.000    0.000
Leaf     0.101    0.073    0.173
Total    0.101    0.073    0.173
--------------------------------


Clock DAG sink capacitances:
============================

-----------------------------------------------
Total    Average    Std. Dev.    Min      Max
-----------------------------------------------
0.101     0.002       0.000      0.001    0.002
-----------------------------------------------


Clock DAG net violations:
=========================

None


Clock DAG primary half-corner transition distribution:
======================================================

--------------------------------------------------------------------------------------------------------------------------------------------------------------
Net Type    Target    Count    Average    Std. Dev.    Min      Max      Distribution                                                              Over Target
--------------------------------------------------------------------------------------------------------------------------------------------------------------
Leaf        0.300       1       0.006       0.000      0.006    0.006    {1 <= 0.180ns, 0 <= 0.240ns, 0 <= 0.270ns, 0 <= 0.285ns, 0 <= 0.300ns}         -
--------------------------------------------------------------------------------------------------------------------------------------------------------------



Please note that the following tables reflect only the defined clock trees, so the flop counts might not include all flops in your design.

Clock Tree Summary:
===================

----------------------------------------------------------------------------------------------------------------------
Clock Tree  Clock  Bufs  Invs  Other  Max       Max     Max      Max          Standard   Wire   Gate   Clock Tree Root
Name        Gates              Clock  Non-leaf  Leaf    Length   Source-sink  cell area  cap    cap    
                               Cells  Fanout    Fanout  (um)     Resistance   (um^2)     (pF)   (pF)   
                                                                 (Ohms)                                
----------------------------------------------------------------------------------------------------------------------
clk           0     0     0      0       0        63    114.283    623.59       0.000    0.073  0.101  clk
----------------------------------------------------------------------------------------------------------------------

Clock Sink Summary:
===================

-------------------------------------------------------------------------------------------------------------------------------------------
Clock Tree  Explicit      Implicit      Explicit     Implicit     Explicit   Implicit   Posedge  Negedge  Memory  Enable  Non enable  Other
Name        exclude pins  exclude pins  ignore pins  ignore pins  stop pins  stop pins  Flops    Flops    Clock   Latch   Latch       Sinks
                                                                                                          Pins    Sinks   Sinks       
-------------------------------------------------------------------------------------------------------------------------------------------
clk              0             0             0            0           0          0        63        0       0       0         0         0
-------------------------------------------------------------------------------------------------------------------------------------------

Summary across all clock trees:
===============================

------------------------------------------------------------------------------------------------------------
Clock  Bufs  Invs  Other  Max       Average   Max     Average  Max      Max          Standard   Wire   Gate
Gates              Clock  Non-leaf  Non-leaf  Leaf    Leaf     Length   Source-sink  cell area  cap    cap
                   Cells  Fanout    Fanout    Fanout  Fanout   (um)     Resistance   (um^2)     (pF)   (pF)
                                                                        (Ohms)                         
------------------------------------------------------------------------------------------------------------
  0     0     0      0       0         0        63      63     114.283    62.359       0.000    0.073  0.101
------------------------------------------------------------------------------------------------------------

Clock Sink Summary across all clock trees:
==========================================

-------------------------------------------------------------------------------------------------------------------------------
Explicit      Implicit      Explicit     Implicit     Explicit   Implicit   Posedge  Negedge  Memory  Enable  Non enable  Other
exclude pins  exclude pins  ignore pins  ignore pins  stop pins  stop pins  Flops    Flops    Clock   Latch   Latch       Sinks
                                                                                              Pins    Sinks   Sinks       
-------------------------------------------------------------------------------------------------------------------------------
     0             0             0            0           0          0        63        0       0       0         0         0
-------------------------------------------------------------------------------------------------------------------------------

Physical metrics across all clock trees:
========================================

-----------------------------------------------------------------------
Metric                               Minimum  Average  Maximum  Std.dev
-----------------------------------------------------------------------
Source-sink routed net length (um)   114.283  114.283  114.283   0.000
Source-sink manhattan distance (um)  152.520  152.520  152.520   0.000
Source-sink resistance (Ohm)          62.359   62.359   62.359   0.000
-----------------------------------------------------------------------

Transition distribution for all half-corners:
=============================================

--------------------------------------------------------------------------------------------------------------------------------------------------------------
Net Type    Target    Count    Average    Std. Dev.    Min      Max      Distribution                                                              Over Target
--------------------------------------------------------------------------------------------------------------------------------------------------------------
Leaf        0.300       1       0.006       0.000      0.006    0.006    {1 <= 0.180ns, 0 <= 0.240ns, 0 <= 0.270ns, 0 <= 0.285ns, 0 <= 0.300ns}         -
--------------------------------------------------------------------------------------------------------------------------------------------------------------

Count of violations across all clock trees:
===========================================

---------------------------------------------------------------------------------------
Clock Tree  # Max capacitance  # Max resistance  # Max length  # Max fanout  # Slew
Name        violations         violations        violations    violations    violations
---------------------------------------------------------------------------------------
clk                 0                 0               0             0            0
---------------------------------------------------------------------------------------
Total               0                 0               0             0            0
---------------------------------------------------------------------------------------

Note the above table per clock tree is based on CCOpt clock tree view. The violations are counted across half corners.

Found a total of 0 clock tree pins with max capacitance violations.
Found a total of 0 clock tree nets with max resistance violations.
Found a total of 0 clock tree nets with max length violations.
Found a total of 0 clock tree nets with max fanout violations.
Found a total of 0 clock tree pins with a slew violation.

Clock Timing Summary:
=====================

Target and measured clock slews (in ns):

--------------------------------------------------------------------------------------------------------------------------------------------
Clock tree  Timing Corner          Worst Rising  Worst Falling  Worst Rising  Worst Falling  Leaf Slew    Leaf Slew  Trunk Slew   Trunk Slew
                                   Leaf Slew     Leaf Slew      Trunk Slew    Trunk Slew     Target Type  Target     Target Type  Target
--------------------------------------------------------------------------------------------------------------------------------------------
clk         max_delay:setup.early     0.006          0.006           -              -        ignored          -      ignored          -
clk         max_delay:setup.late      0.006          0.006           -              -        explicit      0.450     explicit      0.450
clk         min_delay:hold.early      0.006          0.006           -              -        ignored          -      ignored          -
clk         min_delay:hold.late       0.006          0.006           -              -        explicit      0.450     explicit      0.450
--------------------------------------------------------------------------------------------------------------------------------------------

* - indicates that target was not met.

auto extracted - target was extracted from SDC.
auto computed - target was computed when balancing trees.

Total Transition Slacks Summary:
================================

-------------------------------------------------------------------------------------------------
Total       Total Leaf    Total        Total Leaf    Mean        Median      Std.Dev     Worst
Overslew    Overslew      Underslew    Underslew     Overslew    Overslew    Overslew    Overslew
-------------------------------------------------------------------------------------------------
 0.000        0.000        0.294        0.294       0.000       0.000       0.000       0.000
-------------------------------------------------------------------------------------------------

Transition times measured in the half-corner max_delay:setup.late

Top Underslews:

------------------------------
Driving node    Underslew (ns)
------------------------------
clk                 0.294
------------------------------

