###############################################################
#  Generated by:      Cadence Innovus 21.15-s110_1
#  OS:                Linux x86_64(Host ID ece.nitw.ac.in)
#  Generated on:      Mon Jun 29 14:53:12 2026
#  Design:            uart_top
#  Command:           report_ccopt_skew_groups -summary -file innovus_out_ss/ClockTreeSynthesis/uart_top_skew_group.rpt
###############################################################

Skew Group Structure:
=====================

-----------------------------------------------------------------
Skew Group    Sources    Constrained Sinks    Unconstrained Sinks
-----------------------------------------------------------------
clk/all          1              63                     0
-----------------------------------------------------------------

Skew Group Summary:
===================

------------------------------------------------------------------------------------------------------------------------------------------------------------------
Timing Corner            Skew Group    ID Target    Min ID    Max ID    Avg ID    Std.Dev. ID    Skew Target Type    Skew Target    Skew     Skew window occupancy
------------------------------------------------------------------------------------------------------------------------------------------------------------------
max_delay:setup.early    clk/all           -        0.000     0.004     0.002        0.001       ignored                  -         0.003              -
max_delay:setup.late     clk/all       none         0.000     0.003     0.002        0.001       explicit             1.000         0.003    100% {0.000, 0.003}
min_delay:hold.early     clk/all           -        0.000     0.004     0.002        0.001       ignored                  -         0.003              -
min_delay:hold.late      clk/all           -        0.000     0.003     0.002        0.001       explicit             1.000         0.003    100% {0.000, 0.003}
------------------------------------------------------------------------------------------------------------------------------------------------------------------

* - indicates that target was not met.

Skew Group Min/Max path pins:
=============================

---------------------------------------------------------------------------
Timing Corner            Skew Group    Min ID    PathID    Max ID    PathID
---------------------------------------------------------------------------
max_delay:setup.early    clk/all       0.000       -       0.004       -
-    min u_uart_rx_data_reg_reg[1]/CK
-    max u_uart_tx_data_reg_reg[6]/CK
max_delay:setup.late     clk/all       0.000       -       0.003       -
-    min u_uart_rx_data_reg_reg[1]/CK
-    max u_uart_tx_data_reg_reg[6]/CK
min_delay:hold.early     clk/all       0.000       -       0.004       -
-    min u_uart_rx_data_reg_reg[1]/CK
-    max u_uart_tx_data_reg_reg[6]/CK
min_delay:hold.late      clk/all       0.000       -       0.003       -
-    min u_uart_rx_data_reg_reg[1]/CK
-    max u_uart_tx_data_reg_reg[6]/CK
---------------------------------------------------------------------------

