*** timeDesign #3 [begin] : totSession cpu/real = 0:12:47.1/1:52:08.0 (0.1), mem = 1997.8M
Start to check current routing status for nets...
All nets are already routed correctly.
End to check current routing status for nets (mem=1956.8M)

------------------------------------------------------------------
          timeDesign Summary
------------------------------------------------------------------

Setup views included:
 worst 

+--------------------+---------+---------+---------+
|     Setup mode     |   all   | reg2reg | default |
+--------------------+---------+---------+---------+
|           WNS (ns):|  8.281  | 13.391  |  8.281  |
|           TNS (ns):|  0.000  |  0.000  |  0.000  |
|    Violating Paths:|    0    |    0    |    0    |
|          All Paths:|   121   |   99    |   35    |
+--------------------+---------+---------+---------+

+----------------+-------------------------------+------------------+
|                |              Real             |       Total      |
|    DRVs        +------------------+------------+------------------|
|                |  Nr nets(terms)  | Worst Vio  |  Nr nets(terms)  |
+----------------+------------------+------------+------------------+
|   max_cap      |      0 (0)       |   0.000    |      0 (0)       |
|   max_tran     |      2 (4)       |   -0.102   |      2 (4)       |
|   max_fanout   |      1 (1)       |    -47     |      2 (2)       |
|   max_length   |      0 (0)       |     0      |      0 (0)       |
+----------------+------------------+------------+------------------+

Density: 0.99%
Routing Overflow: 0.00% H and 0.00% V
------------------------------------------------------------------
Reported timing to dir ./timingReports
Total CPU time: 0.33 sec
Total Real time: 1.0 sec
Total Memory Usage: 1977.21875 Mbytes
*** timeDesign #3 [finish] : cpu/real = 0:00:00.3/0:00:01.8 (0.2), totSession cpu/real = 0:12:47.5/1:52:09.8 (0.1), mem = 1977.2M

=============================================================================================
 Final TAT Report : timeDesign #3                                               21.15-s110_1
=============================================================================================
 Step Name                  Count        Real  (       % )      Step Total Real / CPU  Scale
---------------------------------------------------------------------------------------------
[ ViewPruning            ]      1   0:00:00.0  (   0.0 % )     0:00:00.0 /  0:00:00.0    0.0
[ OptSummaryReport       ]      1   0:00:00.1  (   4.0 % )     0:00:01.7 /  0:00:00.2    0.1
[ DrvReport              ]      1   0:00:01.4  (  82.1 % )     0:00:01.4 /  0:00:00.0    0.0
[ TimingUpdate           ]      1   0:00:00.0  (   0.9 % )     0:00:00.0 /  0:00:00.0    0.7
[ TimingReport           ]      1   0:00:00.0  (   0.9 % )     0:00:00.0 /  0:00:00.0    1.3
[ GenerateReports        ]      1   0:00:00.1  (   6.3 % )     0:00:00.1 /  0:00:00.1    1.1
[ MISC                   ]          0:00:00.1  (   5.9 % )     0:00:00.1 /  0:00:00.1    1.1
---------------------------------------------------------------------------------------------
 timeDesign #3 TOTAL                0:00:01.8  ( 100.0 % )     0:00:01.8 /  0:00:00.3    0.2
---------------------------------------------------------------------------------------------

